2025-11-07 23:28:10,537 - INFO - Logging initialized. Log file: logs/translation_20251107_232810.log
2025-11-07 23:28:10,537 - INFO - ================================================================================
2025-11-07 23:28:10,537 - INFO - TRANSLATION CONFIGURATION (FIXED VERSION)
2025-11-07 23:28:10,537 - INFO - ================================================================================
2025-11-07 23:28:10,537 - INFO - model_name: facebook/m2m100_418M
2025-11-07 23:28:10,537 - INFO - parsed_main: parsed_main_content_Straßenverkehrs_Ordnung.json
2025-11-07 23:28:10,537 - INFO - parsed_table: parsed_table_content_Straßenverkehrs_Ordnung.json
2025-11-07 23:28:10,537 - INFO - translated_main: translated_main_content_Straßenverkehrs_Ordnung.json
2025-11-07 23:28:10,537 - INFO - translated_table: translated_table_content_Straßenverkehrs_Ordnung.json
2025-11-07 23:28:10,537 - INFO - max_length: 1000
2025-11-07 23:28:10,537 - INFO - out_dir: ./
2025-11-07 23:28:10,537 - INFO - ================================================================================
2025-11-07 23:28:10,632 - INFO - Using device: cuda
2025-11-07 23:28:10,632 - INFO - Loading model: facebook/m2m100_418M for task: translation_de_to_en
2025-11-07 23:28:10,632 - INFO - Device: cuda
2025-11-07 23:28:16,691 - INFO - Model loaded successfully on device: cuda
2025-11-07 23:28:16,691 - INFO - 
Processing main content from: parsed_main_content_Straßenverkehrs_Ordnung.json
2025-11-07 23:28:16,693 - INFO - Starting translation of 3 categories
2025-11-07 23:28:16,999 - INFO - [1/3] Category: General traffic rules
2025-11-07 23:30:41,263 - INFO - [2/3] Category: II.Signs and transport facilities
2025-11-07 23:31:12,601 - INFO - [3/3] Category: III.Implementation, penalties and final rules
2025-11-07 23:32:40,681 - INFO - Translation complete. 3 categories processed
2025-11-07 23:32:40,687 - INFO - Main content saved to: .//m2m100_418M_translated_main_content_Straßenverkehrs_Ordnung.json
2025-11-07 23:32:40,688 - INFO - 
Processing table content from: parsed_table_content_Straßenverkehrs_Ordnung.json
2025-11-07 23:32:40,689 - INFO - Starting translation of 4 tables
2025-11-07 23:32:41,127 - INFO - [1/4] Table: Annex 1(to <par>§ 40</par> paragraphs <sen>6</sen> and 7)General and special signs of danger
2025-11-07 23:32:45,499 - INFO - [2/4] Table: Appendix 2(to <par>§ 41</par> paragraph <sen>1</sen>)Regular signs
2025-11-07 23:33:57,421 - INFO - [3/4] Table: Annex 3(to <par>§ 42</par> paragraph <sen>2</sen>)Rightmark
2025-11-07 23:34:37,339 - INFO - [4/4] Table: Annex 4(to <par>§ 43</par> paragraph <sen>3</sen>)Traffic facilities
2025-11-07 23:34:41,229 - INFO - Table translation complete. 4 tables processed
2025-11-07 23:34:41,239 - INFO - Table content saved to: .//m2m100_418M_translated_table_content_Straßenverkehrs_Ordnung.json
2025-11-07 23:34:41,241 - INFO - Statistics saved to translation_statistics.json
2025-11-07 23:34:41,241 - INFO - Success rate: 100.0%
2025-11-07 23:34:41,241 - INFO - 
================================================================================
2025-11-07 23:34:41,241 - INFO - TRANSLATION COMPLETE
2025-11-07 23:34:41,241 - INFO - ================================================================================
